Using SPARSE 1.3 as Direct Linear Solver
Note: Starting dynamic gmin stepping
Note: Dynamic gmin stepping completed
Using SPARSE 1.3 as Direct Linear Solver
Note: Starting dynamic gmin stepping
Note: Dynamic gmin stepping completed

Note: Compatibility modes selected: ps


Circuit: * reproduce measurement artifact: oscilloscope ground clip on tp8 shorts u4b output to agnd.

--- normal high-Z probe / no ground short ---
Reducing trtol to 1 for xspice 'A' devices
Doing analysis at TEMP = 27.000000 and TNOM = 27.000000


No. of Data Rows : 1
v(tp8) = 2.019571e+00
i(vj2p) = -3.95049e-03
i(vj2n) = 3.900000e-03
--- wrong scope ground clip, ~50 milliohm clamp ---
Reducing trtol to 1 for xspice 'A' devices
Doing analysis at TEMP = 27.000000 and TNOM = 27.000000


No. of Data Rows : 1
v(tp8) = 4.455174e-03
i(vj2p) = -9.30036e-02
i(vj2n) = 3.900000e-03
ngspice-42 done
